// Jest Snapshot v1, https://goo.gl/fbAQLP

exports[`<Button /> should be snapshot 1`] = `
<div>
  <button
    class="text-white text-[32px] uppercase w-full h-screen"
    type="button"
  >
    Conteudo2
  </button>
</div>
`;
